Archive member included to satisfy reference by file (symbol)

C:/ST/STM32CubeIDE_1.14.0/STM32CubeIDE/plugins/com.st.stm32cube.ide.mcu.externaltools.gnu-tools-for-stm32.11.3.rel1.win32_1.1.100.202309141235/tools/bin/../lib/gcc/arm-none-eabi/11.3.1/../../../../arm-none-eabi/lib/thumb/v7-m/nofp\libc_nano.a(libc_a-exit.o)
                              C:/ST/STM32CubeIDE_1.14.0/STM32CubeIDE/plugins/com.st.stm32cube.ide.mcu.externaltools.gnu-tools-for-stm32.11.3.rel1.win32_1.1.100.202309141235/tools/bin/../lib/gcc/arm-none-eabi/11.3.1/../../../../arm-none-eabi/lib/thumb/v7-m/nofp/crt0.o (exit)
C:/ST/STM32CubeIDE_1.14.0/STM32CubeIDE/plugins/com.st.stm32cube.ide.mcu.externaltools.gnu-tools-for-stm32.11.3.rel1.win32_1.1.100.202309141235/tools/bin/../lib/gcc/arm-none-eabi/11.3.1/../../../../arm-none-eabi/lib/thumb/v7-m/nofp\libc_nano.a(libc_a-findfp.o)
                              C:/ST/STM32CubeIDE_1.14.0/STM32CubeIDE/plugins/com.st.stm32cube.ide.mcu.externaltools.gnu-tools-for-stm32.11.3.rel1.win32_1.1.100.202309141235/tools/bin/../lib/gcc/arm-none-eabi/11.3.1/../../../../arm-none-eabi/lib/thumb/v7-m/nofp\libc_nano.a(libc_a-exit.o) (__stdio_exit_handler)
C:/ST/STM32CubeIDE_1.14.0/STM32CubeIDE/plugins/com.st.stm32cube.ide.mcu.externaltools.gnu-tools-for-stm32.11.3.rel1.win32_1.1.100.202309141235/tools/bin/../lib/gcc/arm-none-eabi/11.3.1/../../../../arm-none-eabi/lib/thumb/v7-m/nofp\libc_nano.a(libc_a-fwalk.o)
                              C:/ST/STM32CubeIDE_1.14.0/STM32CubeIDE/plugins/com.st.stm32cube.ide.mcu.externaltools.gnu-tools-for-stm32.11.3.rel1.win32_1.1.100.202309141235/tools/bin/../lib/gcc/arm-none-eabi/11.3.1/../../../../arm-none-eabi/lib/thumb/v7-m/nofp\libc_nano.a(libc_a-findfp.o) (_fwalk_sglue)
C:/ST/STM32CubeIDE_1.14.0/STM32CubeIDE/plugins/com.st.stm32cube.ide.mcu.externaltools.gnu-tools-for-stm32.11.3.rel1.win32_1.1.100.202309141235/tools/bin/../lib/gcc/arm-none-eabi/11.3.1/../../../../arm-none-eabi/lib/thumb/v7-m/nofp\libc_nano.a(libc_a-stdio.o)
                              C:/ST/STM32CubeIDE_1.14.0/STM32CubeIDE/plugins/com.st.stm32cube.ide.mcu.externaltools.gnu-tools-for-stm32.11.3.rel1.win32_1.1.100.202309141235/tools/bin/../lib/gcc/arm-none-eabi/11.3.1/../../../../arm-none-eabi/lib/thumb/v7-m/nofp\libc_nano.a(libc_a-findfp.o) (__sread)
C:/ST/STM32CubeIDE_1.14.0/STM32CubeIDE/plugins/com.st.stm32cube.ide.mcu.externaltools.gnu-tools-for-stm32.11.3.rel1.win32_1.1.100.202309141235/tools/bin/../lib/gcc/arm-none-eabi/11.3.1/../../../../arm-none-eabi/lib/thumb/v7-m/nofp\libc_nano.a(libc_a-memset.o)
                              C:/ST/STM32CubeIDE_1.14.0/STM32CubeIDE/plugins/com.st.stm32cube.ide.mcu.externaltools.gnu-tools-for-stm32.11.3.rel1.win32_1.1.100.202309141235/tools/bin/../lib/gcc/arm-none-eabi/11.3.1/../../../../arm-none-eabi/lib/thumb/v7-m/nofp/crt0.o (memset)
C:/ST/STM32CubeIDE_1.14.0/STM32CubeIDE/plugins/com.st.stm32cube.ide.mcu.externaltools.gnu-tools-for-stm32.11.3.rel1.win32_1.1.100.202309141235/tools/bin/../lib/gcc/arm-none-eabi/11.3.1/../../../../arm-none-eabi/lib/thumb/v7-m/nofp\libc_nano.a(libc_a-closer.o)
                              C:/ST/STM32CubeIDE_1.14.0/STM32CubeIDE/plugins/com.st.stm32cube.ide.mcu.externaltools.gnu-tools-for-stm32.11.3.rel1.win32_1.1.100.202309141235/tools/bin/../lib/gcc/arm-none-eabi/11.3.1/../../../../arm-none-eabi/lib/thumb/v7-m/nofp\libc_nano.a(libc_a-stdio.o) (_close_r)
C:/ST/STM32CubeIDE_1.14.0/STM32CubeIDE/plugins/com.st.stm32cube.ide.mcu.externaltools.gnu-tools-for-stm32.11.3.rel1.win32_1.1.100.202309141235/tools/bin/../lib/gcc/arm-none-eabi/11.3.1/../../../../arm-none-eabi/lib/thumb/v7-m/nofp\libc_nano.a(libc_a-reent.o)
                              C:/ST/STM32CubeIDE_1.14.0/STM32CubeIDE/plugins/com.st.stm32cube.ide.mcu.externaltools.gnu-tools-for-stm32.11.3.rel1.win32_1.1.100.202309141235/tools/bin/../lib/gcc/arm-none-eabi/11.3.1/../../../../arm-none-eabi/lib/thumb/v7-m/nofp\libc_nano.a(libc_a-closer.o) (errno)
C:/ST/STM32CubeIDE_1.14.0/STM32CubeIDE/plugins/com.st.stm32cube.ide.mcu.externaltools.gnu-tools-for-stm32.11.3.rel1.win32_1.1.100.202309141235/tools/bin/../lib/gcc/arm-none-eabi/11.3.1/../../../../arm-none-eabi/lib/thumb/v7-m/nofp\libc_nano.a(libc_a-impure.o)
                              C:/ST/STM32CubeIDE_1.14.0/STM32CubeIDE/plugins/com.st.stm32cube.ide.mcu.externaltools.gnu-tools-for-stm32.11.3.rel1.win32_1.1.100.202309141235/tools/bin/../lib/gcc/arm-none-eabi/11.3.1/../../../../arm-none-eabi/lib/thumb/v7-m/nofp\libc_nano.a(libc_a-reent.o) (_impure_ptr)
C:/ST/STM32CubeIDE_1.14.0/STM32CubeIDE/plugins/com.st.stm32cube.ide.mcu.externaltools.gnu-tools-for-stm32.11.3.rel1.win32_1.1.100.202309141235/tools/bin/../lib/gcc/arm-none-eabi/11.3.1/../../../../arm-none-eabi/lib/thumb/v7-m/nofp\libc_nano.a(libc_a-lseekr.o)
[...]
Memory Configuration

Name             Origin             Length             Attributes
RAM              0x0000000020000000 0x0000000000005000 xrw
FLASH            0x0000000008000000 0x0000000000010000 xr
*default*        0x0000000000000000 0xffffffffffffffff

Linker script and memory map

LOAD C:/ST/STM32CubeIDE_1.14.0/STM32CubeIDE/plugins/com.st.stm32cube.ide.mcu.externaltools.gnu-tools-for-stm32.11.3.rel1.win32_1.1.100.202309141235/tools/bin/../lib/gcc/arm-none-eabi/11.3.1/thumb/v7-m/nofp/crti.o
LOAD C:/ST/STM32CubeIDE_1.14.0/STM32CubeIDE/plugins/com.st.stm32cube.ide.mcu.externaltools.gnu-tools-for-stm32.11.3.rel1.win32_1.1.100.202309141235/tools/bin/../lib/gcc/arm-none-eabi/11.3.1/thumb/v7-m/nofp/crtbegin.o
LOAD C:/ST/STM32CubeIDE_1.14.0/STM32CubeIDE/plugins/com.st.stm32cube.ide.mcu.externaltools.gnu-tools-for-stm32.11.3.rel1.win32_1.1.100.202309141235/tools/bin/../lib/gcc/arm-none-eabi/11.3.1/../../../../arm-none-eabi/lib/thumb/v7-m/nofp/crt0.o
LOAD ./Core/Src/main.o
LOAD ./Core/Src/stm32f1xx_it.o
LOAD ./Core/Src/syscalls.o
LOAD ./Core/Src/sysmem.o
LOAD ./Core/Src/system_stm32f1xx.o
LOAD ./Core/Startup/startup_stm32f103c8tx.o
LOAD ./Drivers/STM32F1xx_HAL_Driver/Src/stm32f1xx_ll_dma.o
LOAD ./Drivers/STM32F1xx_HAL_Driver/Src/stm32f1xx_ll_exti.o
LOAD ./Drivers/STM32F1xx_HAL_Driver/Src/stm32f1xx_ll_gpio.o
LOAD ./Drivers/STM32F1xx_HAL_Driver/Src/stm32f1xx_ll_pwr.o
LOAD ./Drivers/STM32F1xx_HAL_Driver/Src/stm32f1xx_ll_rcc.o
LOAD ./Drivers/STM32F1xx_HAL_Driver/Src/stm32f1xx_ll_usart.o
LOAD ./Drivers/STM32F1xx_HAL_Driver/Src/stm32f1xx_ll_utils.o
LOAD ./Source/croutine.o
LOAD ./Source/event_groups.o
LOAD ./Source/list.o
LOAD ./Source/queue.o
LOAD ./Source/stream_buffer.o
LOAD ./Source/tasks.o
LOAD ./Source/timers.o
LOAD ./Source/portable/GCC/ARM_CM3/port.o
LOAD ./Source/portable/MemMang/heap_2.o
LOAD ./UARTStdio/uartstdio.o
START GROUP
LOAD C:/ST/STM32CubeIDE_1.14.0/STM32CubeIDE/plugins/com.st.stm32cube.ide.mcu.externaltools.gnu-tools-for-stm32.11.3.rel1.win32_1.1.100.202309141235/tools/bin/../lib/gcc/arm-none-eabi/11.3.1/../../../../arm-none-eabi/lib/thumb/v7-m/nofp\libc_nano.a
LOAD C:/ST/STM32CubeIDE_1.14.0/STM32CubeIDE/plugins/com.st.stm32cube.ide.mcu.externaltools.gnu-tools-for-stm32.11.3.rel1.win32_1.1.100.202309141235/tools/bin/../lib/gcc/arm-none-eabi/11.3.1/../../../../arm-none-eabi/lib/thumb/v7-m/nofp\libm.a
END GROUP
START GROUP
LOAD C:/ST/STM32CubeIDE_1.14.0/STM32CubeIDE/plugins/com.st.stm32cube.ide.mcu.externaltools.gnu-tools-for-stm32.11.3.rel1.win32_1.1.100.202309141235/tools/bin/../lib/gcc/arm-none-eabi/11.3.1/thumb/v7-m/nofp\libgcc.a
LOAD C:/ST/STM32CubeIDE_1.14.0/STM32CubeIDE/plugins/com.st.stm32cube.ide.mcu.externaltools.gnu-tools-for-stm32.11.3.rel1.win32_1.1.100.202309141235/tools/bin/../lib/gcc/arm-none-eabi/11.3.1/../../../../arm-none-eabi/lib/thumb/v7-m/nofp\libc_nano.a
END GROUP
START GROUP
LOAD C:/ST/STM32CubeIDE_1.14.0/STM32CubeIDE/plugins/com.st.stm32cube.ide.mcu.externaltools.gnu-tools-for-stm32.11.3.rel1.win32_1.1.100.202309141235/tools/bin/../lib/gcc/arm-none-eabi/11.3.1/thumb/v7-m/nofp\libgcc.a
LOAD C:/ST/STM32CubeIDE_1.14.0/STM32CubeIDE/plugins/com.st.stm32cube.ide.mcu.externaltools.gnu-tools-for-stm32.11.3.rel1.win32_1.1.100.202309141235/tools/bin/../lib/gcc/arm-none-eabi/11.3.1/../../../../arm-none-eabi/lib/thumb/v7-m/nofp\libc_nano.a
LOAD C:/ST/STM32CubeIDE_1.14.0/STM32CubeIDE/plugins/com.st.stm32cube.ide.mcu.externaltools.gnu-tools-for-stm32.11.3.rel1.win32_1.1.100.202309141235/tools/bin/../lib/gcc/arm-none-eabi/11.3.1/../../../../arm-none-eabi/lib/thumb/v7-m/nofp\libnosys.a
END GROUP
START GROUP
LOAD C:/ST/STM32CubeIDE_1.14.0/STM32CubeIDE/plugins/com.st.stm32cube.ide.mcu.externaltools.gnu-tools-for-stm32.11.3.rel1.win32_1.1.100.202309141235/tools/bin/../lib/gcc/arm-none-eabi/11.3.1/thumb/v7-m/nofp\libgcc.a
LOAD C:/ST/STM32CubeIDE_1.14.0/STM32CubeIDE/plugins/com.st.stm32cube.ide.mcu.externaltools.gnu-tools-for-stm32.11.3.rel1.win32_1.1.100.202309141235/tools/bin/../lib/gcc/arm-none-eabi/11.3.1/../../../../arm-none-eabi/lib/thumb/v7-m/nofp\libc_nano.a
LOAD C:/ST/STM32CubeIDE_1.14.0/STM32CubeIDE/plugins/com.st.stm32cube.ide.mcu.externaltools.gnu-tools-for-stm32.11.3.rel1.win32_1.1.100.202309141235/tools/bin/../lib/gcc/arm-none-eabi/11.3.1/../../../../arm-none-eabi/lib/thumb/v7-m/nofp\libnosys.a
END GROUP
LOAD C:/ST/STM32CubeIDE_1.14.0/STM32CubeIDE/plugins/com.st.stm32cube.ide.mcu.externaltools.gnu-tools-for-stm32.11.3.rel1.win32_1.1.100.202309141235/tools/bin/../lib/gcc/arm-none-eabi/11.3.1/thumb/v7-m/nofp/crtend.o
LOAD C:/ST/STM32CubeIDE_1.14.0/STM32CubeIDE/plugins/com.st.stm32cube.ide.mcu.externaltools.gnu-tools-for-stm32.11.3.rel1.win32_1.1.100.202309141235/tools/bin/../lib/gcc/arm-none-eabi/11.3.1/thumb/v7-m/nofp/crtn.o
                0x0000000020005000                _estack = (ORIGIN (RAM) + LENGTH (RAM))
                0x0000000000000200                _Min_Heap_Size = 0x200
                0x0000000000000400                _Min_Stack_Size = 0x400

.isr_vector     0x0000000008000000      0x10c
                0x0000000008000000                . = ALIGN (0x4)
 *(.isr_vector)
 .isr_vector    0x0000000008000000      0x10c ./Core/Startup/startup_stm32f103c8tx.o
                0x0000000008000000                g_pfnVectors
                0x000000000800010c                . = ALIGN (0x4)

.text           0x0000000008000110     0x3fcc
                0x0000000008000110                . = ALIGN (0x4)
 *(.text)
 .text          0x0000000008000110       0x40 C:/ST/STM32CubeIDE_1.14.0/STM32CubeIDE/plugins/com.st.stm32cube.ide.mcu.externaltools.gnu-tools-for-stm32.11.3.rel1.win32_1.1.100.202309141235/tools/bin/../lib/gcc/arm-none-eabi/11.3.1/thumb/v7-m/nofp/crtbegin.o
 *(.text*)
 .text.__NVIC_SetPriorityGrouping
                0x0000000008000150       0x48 ./Core/Src/main.o
 .text.__NVIC_GetPriorityGrouping
                0x0000000008000198       0x1c ./Core/Src/main.o
 .text.__NVIC_EnableIRQ
                0x00000000080001b4       0x38 ./Core/Src/main.o
 .text.__NVIC_SetPriority
                0x00000000080001ec       0x54 ./Core/Src/main.o
 .text.NVIC_EncodePriority
                0x0000000008000240       0x64 ./Core/Src/main.o
 .text.SysTick_Config
                0x00000000080002a4       0x44 ./Core/Src/main.o
 .text.LL_RCC_HSI_Enable
                0x00000000080002e8       0x1c ./Core/Src/main.o
 .text.LL_RCC_HSI_IsReady
                0x0000000008000304       0x24 ./Core/Src/main.o
 .text.LL_RCC_HSI_SetCalibTrimming
                0x0000000008000328       0x28 ./Core/Src/main.o
 .text.LL_RCC_SetSysClkSource
                0x0000000008000350       0x28 ./Core/Src/main.o
 .text.LL_RCC_GetSysClkSource
                0x0000000008000378       0x18 ./Core/Src/main.o
 .text.LL_RCC_SetAHBPrescaler
                0x0000000008000390       0x28 ./Core/Src/main.o
 .text.LL_RCC_SetAPB1Prescaler
                0x00000000080003b8       0x28 ./Core/Src/main.o
 .text.LL_RCC_SetAPB2Prescaler
                0x00000000080003e0       0x28 ./Core/Src/main.o
 .text.LL_APB1_GRP1_EnableClock
                0x0000000008000408       0x30 ./Core/Src/main.o
 .text.LL_APB2_GRP1_EnableClock
                0x0000000008000438       0x30 ./Core/Src/main.o
 .text.LL_FLASH_SetLatency
                0x0000000008000468       0x28 ./Core/Src/main.o
 .text.LL_FLASH_GetLatency
                0x0000000008000490       0x18 ./Core/Src/main.o
 .text.LL_USART_Enable
                0x00000000080004a8       0x1e ./Core/Src/main.o
 .text.LL_USART_ConfigAsyncMode
                0x00000000080004c6       0x2a ./Core/Src/main.o
 .text.LL_GPIO_SetPinMode
                0x00000000080004f0       0x64 ./Core/Src/main.o
 .text.LL_GPIO_SetPinPull
                0x0000000008000554       0x44 ./Core/Src/main.o
 .text.LL_GPIO_SetOutputPin
                0x0000000008000598       0x1e ./Core/Src/main.o
 .text.LL_GPIO_ResetOutputPin
                0x00000000080005b6       0x1e ./Core/Src/main.o
 .text.LL_GPIO_AF_Remap_SWJ_NOJTAG
                0x00000000080005d4       0x20 ./Core/Src/main.o
 .text.LL_GPIO_AF_SetEXTISource
                0x00000000080005f4       0x5c ./Core/Src/main.o
 .text.shiftOut
                0x0000000008000650       0x64 ./Core/Src/main.o
                0x0000000008000650                shiftOut
 .text.hienthi  0x00000000080006b4       0xcc ./Core/Src/main.o
                0x00000000080006b4                hienthi
 .text.main     0x0000000008000780       0xd4 ./Core/Src/main.o
                0x0000000008000780                main
 .text.SystemClock_Config
                0x0000000008000854       0x64 ./Core/Src/main.o
                0x0000000008000854                SystemClock_Config
 .text.MX_USART3_UART_Init
                0x00000000080008b8       0xd0 ./Core/Src/main.o
 .text.MX_GPIO_Init
                0x0000000008000988      0x184 ./Core/Src/main.o
 .text.LED_Task
                0x0000000008000b0c      0x170 ./Core/Src/main.o
 .text.UART_Task
                0x0000000008000c7c       0x80 ./Core/Src/main.o
 .text.LL_EXTI_IsActiveFlag_0_31
                0x0000000008000cfc       0x2c ./Core/Src/stm32f1xx_it.o
 .text.LL_EXTI_ClearFlag_0_31
                0x0000000008000d28       0x1c ./Core/Src/stm32f1xx_it.o
 .text.LL_GPIO_IsInputPinSet
                0x0000000008000d44       0x2c ./Core/Src/stm32f1xx_it.o
 .text.LL_GPIO_SetOutputPin
                0x0000000008000d70       0x1e ./Core/Src/stm32f1xx_it.o
 .text.LL_GPIO_ResetOutputPin
                0x0000000008000d8e       0x1e ./Core/Src/stm32f1xx_it.o
 .text.LL_GPIO_TogglePin
                0x0000000008000dac       0x38 ./Core/Src/stm32f1xx_it.o
 .text.NMI_Handler
                0x0000000008000de4        0x6 ./Core/Src/stm32f1xx_it.o
                0x0000000008000de4                NMI_Handler
 .text.HardFault_Handler
                0x0000000008000dea        0x6 ./Core/Src/stm32f1xx_it.o
                0x0000000008000dea                HardFault_Handler
 .text.MemManage_Handler
                0x0000000008000df0        0x6 ./Core/Src/stm32f1xx_it.o
                0x0000000008000df0                MemManage_Handler
 .text.BusFault_Handler
                0x0000000008000df6        0x6 ./Core/Src/stm32f1xx_it.o
                0x0000000008000df6                BusFault_Handler
 .text.UsageFault_Handler
                0x0000000008000dfc        0x6 ./Core/Src/stm32f1xx_it.o
                0x0000000008000dfc                UsageFault_Handler
 .text.DebugMon_Handler
                0x0000000008000e02        0xc ./Core/Src/stm32f1xx_it.o
                0x0000000008000e02                DebugMon_Handler
 *fill*         0x0000000008000e0e        0x2 
 .text.EXTI4_IRQHandler
                0x0000000008000e10      0x108 ./Core/Src/stm32f1xx_it.o
                0x0000000008000e10                EXTI4_IRQHandler
 .text.EXTI9_5_IRQHandler
                0x0000000008000f18       0xf0 ./Core/Src/stm32f1xx_it.o
                0x0000000008000f18                EXTI9_5_IRQHandler
 .text.USART3_IRQHandler
                0x0000000008001008        0xc ./Core/Src/stm32f1xx_it.o
                0x0000000008001008                USART3_IRQHandler
 .text.EXTI15_10_IRQHandler
                0x0000000008001014       0xf4 ./Core/Src/stm32f1xx_it.o
                0x0000000008001014                EXTI15_10_IRQHandler
 .text.SystemInit
                0x0000000008001108        0xc ./Core/Src/system_stm32f1xx.o
                0x0000000008001108                SystemInit
 .text.Reset_Handler
                0x0000000008001114       0x48 ./Core/Startup/startup_stm32f103c8tx.o
                0x0000000008001114                Reset_Handler
 .text.Default_Handler
                0x000000000800115c        0x2 ./Core/Startup/startup_stm32f103c8tx.o
                0x000000000800115c                RTC_Alarm_IRQHandler
                0x000000000800115c                EXTI2_IRQHandler
                0x000000000800115c                TIM1_CC_IRQHandler
                0x000000000800115c                PVD_IRQHandler
                0x000000000800115c                EXTI3_IRQHandler
                0x000000000800115c                EXTI0_IRQHandler
                0x000000000800115c                I2C2_EV_IRQHandler
                0x000000000800115c                ADC1_2_IRQHandler
                0x000000000800115c                SPI1_IRQHandler
                0x000000000800115c                TAMPER_IRQHandler
                0x000000000800115c                DMA1_Channel4_IRQHandler
                0x000000000800115c                RTC_IRQHandler
                0x000000000800115c                DMA1_Channel7_IRQHandler
                0x000000000800115c                CAN1_RX1_IRQHandler
                0x000000000800115c                TIM4_IRQHandler
                0x000000000800115c                I2C1_EV_IRQHandler
                0x000000000800115c                DMA1_Channel6_IRQHandler
                0x000000000800115c                TIM3_IRQHandler
                0x000000000800115c                RCC_IRQHandler
                0x000000000800115c                TIM1_TRG_COM_IRQHandler
                0x000000000800115c                DMA1_Channel1_IRQHandler
                0x000000000800115c                Default_Handler
                0x000000000800115c                SPI2_IRQHandler
                0x000000000800115c                DMA1_Channel5_IRQHandler
                0x000000000800115c                USB_LP_CAN1_RX0_IRQHandler
                0x000000000800115c                USB_HP_CAN1_TX_IRQHandler
                0x000000000800115c                DMA1_Channel3_IRQHandler
                0x000000000800115c                TIM1_UP_IRQHandler
                0x000000000800115c                WWDG_IRQHandler
                0x000000000800115c                TIM2_IRQHandler
                0x000000000800115c                TIM1_BRK_IRQHandler
                0x000000000800115c                EXTI1_IRQHandler
                0x000000000800115c                USART2_IRQHandler
                0x000000000800115c                I2C2_ER_IRQHandler
                0x000000000800115c                DMA1_Channel2_IRQHandler
                0x000000000800115c                CAN1_SCE_IRQHandler
                0x000000000800115c                FLASH_IRQHandler
                0x000000000800115c                USART1_IRQHandler
                0x000000000800115c                I2C1_ER_IRQHandler
                0x000000000800115c                USBWakeUp_IRQHandler
 *fill*         0x000000000800115e        0x2 
 .text.LL_EXTI_EnableIT_0_31
                0x0000000008001160       0x24 ./Drivers/STM32F1xx_HAL_Driver/Src/stm32f1xx_ll_exti.o
 .text.LL_EXTI_DisableIT_0_31
                0x0000000008001184       0x24 ./Drivers/STM32F1xx_HAL_Driver/Src/stm32f1xx_ll_exti.o
 .text.LL_EXTI_EnableEvent_0_31
                0x00000000080011a8       0x24 ./Drivers/STM32F1xx_HAL_Driver/Src/stm32f1xx_ll_exti.o
 .text.LL_EXTI_DisableEvent_0_31
                0x00000000080011cc       0x24 ./Drivers/STM32F1xx_HAL_Driver/Src/stm32f1xx_ll_exti.o
 .text.LL_EXTI_EnableRisingTrig_0_31
                0x00000000080011f0       0x24 ./Drivers/STM32F1xx_HAL_Driver/Src/stm32f1xx_ll_exti.o
 .text.LL_EXTI_DisableRisingTrig_0_31
                0x0000000008001214       0x24 ./Drivers/STM32F1xx_HAL_Driver/Src/stm32f1xx_ll_exti.o
 .text.LL_EXTI_EnableFallingTrig_0_31
                0x0000000008001238       0x24 ./Drivers/STM32F1xx_HAL_Driver/Src/stm32f1xx_ll_exti.o
 .text.LL_EXTI_DisableFallingTrig_0_31
                0x000000000800125c       0x24 ./Drivers/STM32F1xx_HAL_Driver/Src/stm32f1xx_ll_exti.o
 .text.LL_EXTI_Init
                0x0000000008001280       0xfe ./Drivers/STM32F1xx_HAL_Driver/Src/stm32f1xx_ll_exti.o
                0x0000000008001280                LL_EXTI_Init
 .text.LL_GPIO_SetPinMode
                0x000000000800137e       0x64 ./Drivers/STM32F1xx_HAL_Driver/Src/stm32f1xx_ll_gpio.o
 .text.LL_GPIO_SetPinSpeed
                0x00000000080013e2       0x64 ./Drivers/STM32F1xx_HAL_Driver/Src/stm32f1xx_ll_gpio.o
 .text.LL_GPIO_SetPinOutputType
                0x0000000008001446       0x64 ./Drivers/STM32F1xx_HAL_Driver/Src/stm32f1xx_ll_gpio.o
 .text.LL_GPIO_SetPinPull
                0x00000000080014aa       0x44 ./Drivers/STM32F1xx_HAL_Driver/Src/stm32f1xx_ll_gpio.o
 .text.LL_GPIO_Init
                0x00000000080014ee       0xcc ./Drivers/STM32F1xx_HAL_Driver/Src/stm32f1xx_ll_gpio.o
                0x00000000080014ee                LL_GPIO_Init
 *fill*         0x00000000080015ba        0x2 
 .text.LL_RCC_GetSysClkSource
                0x00000000080015bc       0x18 ./Drivers/STM32F1xx_HAL_Driver/Src/stm32f1xx_ll_rcc.o
 .text.LL_RCC_GetAHBPrescaler
                0x00000000080015d4       0x18 ./Drivers/STM32F1xx_HAL_Driver/Src/stm32f1xx_ll_rcc.o
 .text.LL_RCC_GetAPB1Prescaler
                0x00000000080015ec       0x18 ./Drivers/STM32F1xx_HAL_Driver/Src/stm32f1xx_ll_rcc.o
 .text.LL_RCC_GetAPB2Prescaler
                0x0000000008001604       0x18 ./Drivers/STM32F1xx_HAL_Driver/Src/stm32f1xx_ll_rcc.o
 .text.LL_RCC_PLL_GetMainSource
                0x000000000800161c       0x18 ./Drivers/STM32F1xx_HAL_Driver/Src/stm32f1xx_ll_rcc.o
 .text.LL_RCC_PLL_GetMultiplicator
                0x0000000008001634       0x18 ./Drivers/STM32F1xx_HAL_Driver/Src/stm32f1xx_ll_rcc.o
 .text.LL_RCC_PLL_GetPrediv
                0x000000000800164c       0x1c ./Drivers/STM32F1xx_HAL_Driver/Src/stm32f1xx_ll_rcc.o
 .text.LL_RCC_GetSystemClocksFreq
                0x0000000008001668       0x4a ./Drivers/STM32F1xx_HAL_Driver/Src/stm32f1xx_ll_rcc.o
                0x0000000008001668                LL_RCC_GetSystemClocksFreq
 *fill*         0x00000000080016b2        0x2 
 .text.RCC_GetSystemClockFreq
                0x00000000080016b4       0x4c ./Drivers/STM32F1xx_HAL_Driver/Src/stm32f1xx_ll_rcc.o
                0x00000000080016b4                RCC_GetSystemClockFreq
 .text.RCC_GetHCLKClockFreq
                0x0000000008001700       0x2c ./Drivers/STM32F1xx_HAL_Driver/Src/stm32f1xx_ll_rcc.o
                0x0000000008001700                RCC_GetHCLKClockFreq
 .text.RCC_GetPCLK1ClockFreq
                0x000000000800172c       0x28 ./Drivers/STM32F1xx_HAL_Driver/Src/stm32f1xx_ll_rcc.o
                0x000000000800172c                RCC_GetPCLK1ClockFreq
 .text.RCC_GetPCLK2ClockFreq
                0x0000000008001754       0x28 ./Drivers/STM32F1xx_HAL_Driver/Src/stm32f1xx_ll_rcc.o
                0x0000000008001754                RCC_GetPCLK2ClockFreq
 .text.RCC_PLL_GetFreqDomain_SYS
                0x000000000800177c       0x64 ./Drivers/STM32F1xx_HAL_Driver/Src/stm32f1xx_ll_rcc.o
                0x000000000800177c                RCC_PLL_GetFreqDomain_SYS
 .text.LL_USART_IsEnabled
                0x00000000080017e0       0x26 ./Drivers/STM32F1xx_HAL_Driver/Src/stm32f1xx_ll_usart.o
 .text.LL_USART_SetStopBitsLength
                0x0000000008001806       0x24 ./Drivers/STM32F1xx_HAL_Driver/Src/stm32f1xx_ll_usart.o
 .text.LL_USART_SetHWFlowCtrl
                0x000000000800182a       0x24 ./Drivers/STM32F1xx_HAL_Driver/Src/stm32f1xx_ll_usart.o
 *fill*         0x000000000800184e        0x2 
 .text.LL_USART_SetBaudRate
                0x0000000008001850       0xbc ./Drivers/STM32F1xx_HAL_Driver/Src/stm32f1xx_ll_usart.o
 .text.LL_USART_Init
                0x000000000800190c       0xc0 ./Drivers/STM32F1xx_HAL_Driver/Src/stm32f1xx_ll_usart.o
                0x000000000800190c                LL_USART_Init
 .text.LL_InitTick
                0x00000000080019cc       0x34 ./Drivers/STM32F1xx_HAL_Driver/Src/stm32f1xx_ll_utils.o
 .text.LL_Init1msTick
                0x0000000008001a00       0x1a ./Drivers/STM32F1xx_HAL_Driver/Src/stm32f1xx_ll_utils.o
                0x0000000008001a00                LL_Init1msTick
 *fill*         0x0000000008001a1a        0x2 
 .text.LL_SetSystemCoreClock
                0x0000000008001a1c       0x1c ./Drivers/STM32F1xx_HAL_Driver/Src/stm32f1xx_ll_utils.o
                0x0000000008001a1c                LL_SetSystemCoreClock
 .text.vListInitialise
                0x0000000008001a38       0x3e ./Source/list.o
                0x0000000008001a38                vListInitialise
 .text.vListInitialiseItem
                0x0000000008001a76       0x18 ./Source/list.o
                0x0000000008001a76                vListInitialiseItem
 .text.vListInsert
                0x0000000008001a8e       0x70 ./Source/list.o
                0x0000000008001a8e                vListInsert
 .text.uxListRemove
                0x0000000008001afe       0x52 ./Source/list.o
                0x0000000008001afe                uxListRemove
 .text.xQueueGenericReset
                0x0000000008001b50       0xe8 ./Source/queue.o
                0x0000000008001b50                xQueueGenericReset
 .text.xQueueGenericCreate
                0x0000000008001c38       0x7e ./Source/queue.o
                0x0000000008001c38                xQueueGenericCreate
 .text.prvInitialiseNewQueue
                0x0000000008001cb6       0x3e ./Source/queue.o
 .text.prvInitialiseMutex
                0x0000000008001cf4       0x34 ./Source/queue.o
 .text.xQueueCreateMutex
                0x0000000008001d28       0x30 ./Source/queue.o
                0x0000000008001d28                xQueueCreateMutex
 .text.xQueueGenericSend
                0x0000000008001d58      0x154 ./Source/queue.o
                0x0000000008001d58                xQueueGenericSend
 .text.xQueueGenericSendFromISR
                0x0000000008001eac       0xca ./Source/queue.o
                0x0000000008001eac                xQueueGenericSendFromISR
 .text.xQueueGiveFromISR
                0x0000000008001f76       0xb8 ./Source/queue.o
                0x0000000008001f76                xQueueGiveFromISR
 *fill*         0x000000000800202e        0x2 
 .text.xQueueReceive
                0x0000000008002030      0x144 ./Source/queue.o
                0x0000000008002030                xQueueReceive
 .text.xQueueReceiveFromISR
                0x0000000008002174       0xc2 ./Source/queue.o
                0x0000000008002174                xQueueReceiveFromISR
 .text.prvCopyDataToQueue
                0x0000000008002236       0xd4 ./Source/queue.o
 .text.prvCopyDataFromQueue
                0x000000000800230a       0x4c ./Source/queue.o
 .text.prvUnlockQueue
                0x0000000008002356       0xa4 ./Source/queue.o
 .text.prvIsQueueEmpty
                0x00000000080023fa       0x2c ./Source/queue.o
 .text.prvIsQueueFull
                0x0000000008002426       0x30 ./Source/queue.o
 .text.xTaskCreate
                0x0000000008002456       0x8c ./Source/tasks.o
                0x0000000008002456                xTaskCreate
 .text.prvInitialiseNewTask
                0x00000000080024e2       0xd0 ./Source/tasks.o
 *fill*         0x00000000080025b2        0x2 
 .text.prvAddNewTaskToReadyList
                0x00000000080025b4      0x124 ./Source/tasks.o
 .text.vTaskDelay
                0x00000000080026d8       0x48 ./Source/tasks.o
                0x00000000080026d8                vTaskDelay
 .text.vTaskStartScheduler
                0x0000000008002720       0x78 ./Source/tasks.o
                0x0000000008002720                vTaskStartScheduler
 .text.vTaskSuspendAll
                0x0000000008002798       0x1c ./Source/tasks.o
                0x0000000008002798                vTaskSuspendAll
 .text.xTaskResumeAll
                0x00000000080027b4      0x1d8 ./Source/tasks.o
                0x00000000080027b4                xTaskResumeAll
 .text.xTaskGetTickCount
                0x000000000800298c       0x1c ./Source/tasks.o
                0x000000000800298c                xTaskGetTickCount
 .text.xTaskGetTickCountFromISR
                0x00000000080029a8       0x20 ./Source/tasks.o
                0x00000000080029a8                xTaskGetTickCountFromISR
 .text.uxTaskGetNumberOfTasks
                0x00000000080029c8       0x14 ./Source/tasks.o
                0x00000000080029c8                uxTaskGetNumberOfTasks
 .text.xTaskIncrementTick
                0x00000000080029dc      0x20c ./Source/tasks.o
                0x00000000080029dc                xTaskIncrementTick
 .text.vTaskSwitchContext
                0x0000000008002be8       0x8c ./Source/tasks.o
                0x0000000008002be8                vTaskSwitchContext
 .text.vTaskPlaceOnEventList
                0x0000000008002c74       0x2c ./Source/tasks.o
                0x0000000008002c74                vTaskPlaceOnEventList
 .text.xTaskRemoveFromEventList
                0x0000000008002ca0      0x190 ./Source/tasks.o
                0x0000000008002ca0                xTaskRemoveFromEventList
 .text.vTaskInternalSetTimeOutState
                0x0000000008002e30       0x2c ./Source/tasks.o
                0x0000000008002e30                vTaskInternalSetTimeOutState
 .text.xTaskCheckForTimeOut
                0x0000000008002e5c       0x94 ./Source/tasks.o
                0x0000000008002e5c                xTaskCheckForTimeOut
 .text.vTaskMissedYield
                0x0000000008002ef0       0x18 ./Source/tasks.o
                0x0000000008002ef0                vTaskMissedYield
 .text.prvIdleTask
                0x0000000008002f08       0x30 ./Source/tasks.o
 .text.prvInitialiseTaskLists
                0x0000000008002f38       0x80 ./Source/tasks.o
 .text.prvCheckTasksWaitingTermination
                0x0000000008002fb8       0x5c ./Source/tasks.o
 .text.prvDeleteTCB
                0x0000000008003014       0x20 ./Source/tasks.o
 .text.prvResetNextTaskUnblockTime
                0x0000000008003034       0x34 ./Source/tasks.o
 .text.xTaskPriorityDisinherit
                0x0000000008003068      0x104 ./Source/tasks.o
                0x0000000008003068                xTaskPriorityDisinherit
 .text.prvAddCurrentTaskToDelayedList
                0x000000000800316c      0x100 ./Source/tasks.o
 .text.pxPortInitialiseStack
                0x000000000800326c       0x58 ./Source/portable/GCC/ARM_CM3/port.o
                0x000000000800326c                pxPortInitialiseStack
 .text.prvTaskExitError
                0x00000000080032c4       0x32 ./Source/portable/GCC/ARM_CM3/port.o
 *fill*         0x00000000080032f6        0xa 
 .text.vPortSVCHandler
                0x0000000008003300       0x28 ./Source/portable/GCC/ARM_CM3/port.o
                0x0000000008003300                vPortSVCHandler
 .text.prvPortStartFirstTask
                0x0000000008003328       0x24 ./Source/portable/GCC/ARM_CM3/port.o
 .text.xPortStartScheduler
                0x000000000800334c       0x40 ./Source/portable/GCC/ARM_CM3/port.o
                0x000000000800334c                xPortStartScheduler
 .text.vPortEnterCritical
                0x000000000800338c       0x34 ./Source/portable/GCC/ARM_CM3/port.o
                0x000000000800338c                vPortEnterCritical
 .text.vPortExitCritical
                0x00000000080033c0       0x34 ./Source/portable/GCC/ARM_CM3/port.o
                0x00000000080033c0                vPortExitCritical
 *fill*         0x00000000080033f4        0xc 
 .text.xPortPendSVHandler
                0x0000000008003400       0x48 ./Source/portable/GCC/ARM_CM3/port.o
                0x0000000008003400                xPortPendSVHandler
 .text.xPortSysTickHandler
                0x0000000008003448       0x44 ./Source/portable/GCC/ARM_CM3/port.o
                0x0000000008003448                xPortSysTickHandler
 .text.vPortSetupTimerInterrupt
                0x000000000800348c       0x34 ./Source/portable/GCC/ARM_CM3/port.o
                0x000000000800348c                vPortSetupTimerInterrupt
 .text.pvPortMalloc
                0x00000000080034c0      0x13c ./Source/portable/MemMang/heap_2.o
                0x00000000080034c0                pvPortMalloc
 .text.vPortFree
                0x00000000080035fc       0x98 ./Source/portable/MemMang/heap_2.o
                0x00000000080035fc                vPortFree
 .text.prvHeapInit
                0x0000000008003694       0x50 ./Source/portable/MemMang/heap_2.o
 .text.LL_USART_IsActiveFlag_TXE
                0x00000000080036e4       0x24 ./UARTStdio/uartstdio.o
 .text.LL_USART_EnableIT_RXNE
                0x0000000008003708       0x44 ./UARTStdio/uartstdio.o
 .text.LL_USART_EnableIT_TXE
                0x000000000800374c       0x44 ./UARTStdio/uartstdio.o
 .text.LL_USART_DisableIT_RXNE
                0x0000000008003790       0x44 ./UARTStdio/uartstdio.o
 .text.LL_USART_DisableIT_TXE
                0x00000000080037d4       0x44 ./UARTStdio/uartstdio.o
 .text.LL_USART_TransmitData8
                0x0000000008003818       0x1c ./UARTStdio/uartstdio.o
 .text.IsBufferFull
                0x0000000008003834       0x40 ./UARTStdio/uartstdio.o
 .text.IsBufferEmpty
                0x0000000008003874       0x2e ./UARTStdio/uartstdio.o
 *fill*         0x00000000080038a2        0x2 
 .text.UARTPrimeTransmit
                0x00000000080038a4       0x68 ./UARTStdio/uartstdio.o
 .text.UARTStdioConfig
                0x000000000800390c       0x3c ./UARTStdio/uartstdio.o
                0x000000000800390c                UARTStdioConfig
 .text.UARTwrite
                0x0000000008003948       0xd8 ./UARTStdio/uartstdio.o
                0x0000000008003948                UARTwrite
 .text.UARTvprintf
                0x0000000008003a20      0x3e8 ./UARTStdio/uartstdio.o
                0x0000000008003a20                UARTvprintf
 .text.UARTprintf
                0x0000000008003e08       0x24 ./UARTStdio/uartstdio.o
                0x0000000008003e08                UARTprintf
 .text.UARTFlushRx
                0x0000000008003e2c       0x34 ./UARTStdio/uartstdio.o
                0x0000000008003e2c                UARTFlushRx
 .text.UARTFlushTx
                0x0000000008003e60       0x54 ./UARTStdio/uartstdio.o
                0x0000000008003e60                UARTFlushTx
 .text.UARTStdioIntHandler
                0x0000000008003eb4      0x19c ./UARTStdio/uartstdio.o
                0x0000000008003eb4                UARTStdioIntHandler
 .text.memset   0x0000000008004050       0x10 C:/ST/STM32CubeIDE_1.14.0/STM32CubeIDE/plugins/com.st.stm32cube.ide.mcu.externaltools.gnu-tools-for-stm32.11.3.rel1.win32_1.1.100.202309141235/tools/bin/../lib/gcc/arm-none-eabi/11.3.1/../../../../arm-none-eabi/lib/thumb/v7-m/nofp\libc_nano.a(libc_a-memset.o)
                0x0000000008004050                memset
 .text.__libc_init_array
                0x0000000008004060       0x48 C:/ST/STM32CubeIDE_1.14.0/STM32CubeIDE/plugins/com.st.stm32cube.ide.mcu.externaltools.gnu-tools-for-stm32.11.3.rel1.win32_1.1.100.202309141235/tools/bin/../lib/gcc/arm-none-eabi/11.3.1/../../../../arm-none-eabi/lib/thumb/v7-m/nofp\libc_nano.a(libc_a-init.o)
                0x0000000008004060                __libc_init_array
 .text.memcpy   0x00000000080040a8       0x1c C:/ST/STM32CubeIDE_1.14.0/STM32CubeIDE/plugins/com.st.stm32cube.ide.mcu.externaltools.gnu-tools-for-stm32.11.3.rel1.win32_1.1.100.202309141235/tools/bin/../lib/gcc/arm-none-eabi/11.3.1/../../../../arm-none-eabi/lib/thumb/v7-m/nofp\libc_nano.a(libc_a-memcpy-stub.o)
                0x00000000080040a8                memcpy
 *(.glue_7)
 .glue_7        0x00000000080040c4        0x0 linker stubs
 *(.glue_7t)
 .glue_7t       0x00000000080040c4        0x0 linker stubs
 *(.eh_frame)
 .eh_frame      0x00000000080040c4        0x0 C:/ST/STM32CubeIDE_1.14.0/STM32CubeIDE/plugins/com.st.stm32cube.ide.mcu.externaltools.gnu-tools-for-stm32.11.3.rel1.win32_1.1.100.202309141235/tools/bin/../lib/gcc/arm-none-eabi/11.3.1/thumb/v7-m/nofp/crtbegin.o
 *(.init)
 .init          0x00000000080040c4        0x4 C:/ST/STM32CubeIDE_1.14.0/STM32CubeIDE/plugins/com.st.stm32cube.ide.mcu.externaltools.gnu-tools-for-stm32.11.3.rel1.win32_1.1.100.202309141235/tools/bin/../lib/gcc/arm-none-eabi/11.3.1/thumb/v7-m/nofp/crti.o
                0x00000000080040c4                _init
 .init          0x00000000080040c8        0x8 C:/ST/STM32CubeIDE_1.14.0/STM32CubeIDE/plugins/com.st.stm32cube.ide.mcu.externaltools.gnu-tools-for-stm32.11.3.rel1.win32_1.1.100.202309141235/tools/bin/../lib/gcc/arm-none-eabi/11.3.1/thumb/v7-m/nofp/crtn.o
 *(.fini)
 .fini          0x00000000080040d0        0x4 C:/ST/STM32CubeIDE_1.14.0/STM32CubeIDE/plugins/com.st.stm32cube.ide.mcu.externaltools.gnu-tools-for-stm32.11.3.rel1.win32_1.1.100.202309141235/tools/bin/../lib/gcc/arm-none-eabi/11.3.1/thumb/v7-m/nofp/crti.o
                0x00000000080040d0                _fini
 .fini          0x00000000080040d4        0x8 C:/ST/STM32CubeIDE_1.14.0/STM32CubeIDE/plugins/com.st.stm32cube.ide.mcu.externaltools.gnu-tools-for-stm32.11.3.rel1.win32_1.1.100.202309141235/tools/bin/../lib/gcc/arm-none-eabi/11.3.1/thumb/v7-m/nofp/crtn.o
                0x00000000080040dc                . = ALIGN (0x4)
                0x00000000080040dc                _etext = .

.vfp11_veneer   0x00000000080040dc        0x0
 .vfp11_veneer  0x00000000080040dc        0x0 linker stubs

.v4_bx          0x00000000080040dc        0x0
 .v4_bx         0x00000000080040dc        0x0 linker stubs

.iplt           0x00000000080040dc        0x0
 .iplt          0x00000000080040dc        0x0 C:/ST/STM32CubeIDE_1.14.0/STM32CubeIDE/plugins/com.st.stm32cube.ide.mcu.externaltools.gnu-tools-for-stm32.11.3.rel1.win32_1.1.100.202309141235/tools/bin/../lib/gcc/arm-none-eabi/11.3.1/thumb/v7-m/nofp/crtbegin.o

.rodata         0x00000000080040dc       0xf8
                0x00000000080040dc                . = ALIGN (0x4)
 *(.rodata)
 .rodata        0x00000000080040dc       0xb0 ./Core/Src/main.o
 .rodata        0x000000000800418c        0x5 ./Source/tasks.o
 *fill*         0x0000000008004191        0x3 
 .rodata        0x0000000008004194       0x26 ./UARTStdio/uartstdio.o
 *(.rodata*)
 *fill*         0x00000000080041ba        0x2 
 .rodata.AHBPrescTable
                0x00000000080041bc       0x10 ./Core/Src/system_stm32f1xx.o
                0x00000000080041bc                AHBPrescTable
 .rodata.APBPrescTable
                0x00000000080041cc        0x8 ./Core/Src/system_stm32f1xx.o
                0x00000000080041cc                APBPrescTable
                0x00000000080041d4                . = ALIGN (0x4)

.rel.dyn        0x00000000080041d4        0x0
 .rel.iplt      0x00000000080041d4        0x0 C:/ST/STM32CubeIDE_1.14.0/STM32CubeIDE/plugins/com.st.stm32cube.ide.mcu.externaltools.gnu-tools-for-stm32.11.3.rel1.win32_1.1.100.202309141235/tools/bin/../lib/gcc/arm-none-eabi/11.3.1/thumb/v7-m/nofp/crtbegin.o

.ARM.extab      0x00000000080041d4        0x0
                0x00000000080041d4                . = ALIGN (0x4)
 *(.ARM.extab* .gnu.linkonce.armextab.*)
                0x00000000080041d4                . = ALIGN (0x4)

.ARM            0x00000000080041d4        0x0
                0x00000000080041d4                . = ALIGN (0x4)
                0x00000000080041d4                __exidx_start = .
 *(.ARM.exidx*)
                0x00000000080041d4                __exidx_end = .
                0x00000000080041d4                . = ALIGN (0x4)

.preinit_array  0x00000000080041d4        0x0
                0x00000000080041d4                . = ALIGN (0x4)
                0x00000000080041d4                PROVIDE (__preinit_array_start = .)
 *(.preinit_array*)
                0x00000000080041d4                PROVIDE (__preinit_array_end = .)
                0x00000000080041d4                . = ALIGN (0x4)

.init_array     0x00000000080041d4        0x4
                0x00000000080041d4                . = ALIGN (0x4)
                0x00000000080041d4                PROVIDE (__init_array_start = .)
 *(SORT_BY_NAME(.init_array.*))
 *(.init_array*)
 .init_array    0x00000000080041d4        0x4 C:/ST/STM32CubeIDE_1.14.0/STM32CubeIDE/plugins/com.st.stm32cube.ide.mcu.externaltools.gnu-tools-for-stm32.11.3.rel1.win32_1.1.100.202309141235/tools/bin/../lib/gcc/arm-none-eabi/11.3.1/thumb/v7-m/nofp/crtbegin.o
                0x00000000080041d8                PROVIDE (__init_array_end = .)
                0x00000000080041d8                . = ALIGN (0x4)

.fini_array     0x00000000080041d8        0x4
                0x00000000080041d8                . = ALIGN (0x4)
                [!provide]                        PROVIDE (__fini_array_start = .)
 *(SORT_BY_NAME(.fini_array.*))
 *(.fini_array*)
 .fini_array    0x00000000080041d8        0x4 C:/ST/STM32CubeIDE_1.14.0/STM32CubeIDE/plugins/com.st.stm32cube.ide.mcu.externaltools.gnu-tools-for-stm32.11.3.rel1.win32_1.1.100.202309141235/tools/bin/../lib/gcc/arm-none-eabi/11.3.1/thumb/v7-m/nofp/crtbegin.o
                [!provide]                        PROVIDE (__fini_array_end = .)
                0x00000000080041dc                . = ALIGN (0x4)
                0x00000000080041dc                _sidata = LOADADDR (.data)

.data           0x0000000020000000       0x10 load address 0x00000000080041dc
                0x0000000020000000                . = ALIGN (0x4)
                0x0000000020000000                _sdata = .
 *(.data)
 *(.data*)
 .data.SystemCoreClock
                0x0000000020000000        0x4 ./Core/Src/system_stm32f1xx.o
                0x0000000020000000                SystemCoreClock
 .data.uxTopUsedPriority
                0x0000000020000004        0x4 ./Source/tasks.o
                0x0000000020000004                uxTopUsedPriority
 .data.uxCriticalNesting
                0x0000000020000008        0x4 ./Source/portable/GCC/ARM_CM3/port.o
 .data.xFreeBytesRemaining
                0x000000002000000c        0x4 ./Source/portable/MemMang/heap_2.o
 *(.RamFunc)
 *(.RamFunc*)
                0x0000000020000010                . = ALIGN (0x4)
                0x0000000020000010                _edata = .

.igot.plt       0x0000000020000010        0x0 load address 0x00000000080041ec
 .igot.plt      0x0000000020000010        0x0 C:/ST/STM32CubeIDE_1.14.0/STM32CubeIDE/plugins/com.st.stm32cube.ide.mcu.externaltools.gnu-tools-for-stm32.11.3.rel1.win32_1.1.100.202309141235/tools/bin/../lib/gcc/arm-none-eabi/11.3.1/thumb/v7-m/nofp/crtbegin.o
                0x0000000020000010                . = ALIGN (0x4)

.bss            0x0000000020000010     0x49f0 load address 0x00000000080041ec
                0x0000000020000010                _sbss = .
                0x0000000020000010                __bss_start__ = _sbss
 *(.bss)
 .bss           0x0000000020000010       0x1c C:/ST/STM32CubeIDE_1.14.0/STM32CubeIDE/plugins/com.st.stm32cube.ide.mcu.externaltools.gnu-tools-for-stm32.11.3.rel1.win32_1.1.100.202309141235/tools/bin/../lib/gcc/arm-none-eabi/11.3.1/thumb/v7-m/nofp/crtbegin.o
 *(.bss*)
 .bss.status_task_Handle
                0x000000002000002c        0x4 ./Core/Src/main.o
                0x000000002000002c                status_task_Handle
 .bss.button_event_queue
                0x0000000020000030        0x4 ./Core/Src/main.o
                0x0000000020000030                button_event_queue
 .bss.mutex_isr
                0x0000000020000034        0x4 ./Core/Src/main.o
                0x0000000020000034                mutex_isr
 .bss.debouncing
                0x0000000020000038        0x4 ./Core/Src/main.o
                0x0000000020000038                debouncing
 .bss.startTime
                0x000000002000003c        0x4 ./Core/Src/main.o
                0x000000002000003c                startTime
 .bss.time      0x0000000020000040        0x4 ./Core/Src/main.o
                0x0000000020000040                time
 .bss.t1        0x0000000020000044        0x4 ./Core/Src/main.o
                0x0000000020000044                t1
 .bss.t2        0x0000000020000048        0x4 ./Core/Src/main.o
                0x0000000020000048                t2
 .bss.pxCurrentTCB
                0x000000002000004c        0x4 ./Source/tasks.o
                0x000000002000004c                pxCurrentTCB
 .bss.pxReadyTasksLists
                0x0000000020000050       0x64 ./Source/tasks.o
 .bss.xDelayedTaskList1
                0x00000000200000b4       0x14 ./Source/tasks.o
 .bss.xDelayedTaskList2
                0x00000000200000c8       0x14 ./Source/tasks.o
 .bss.pxDelayedTaskList
                0x00000000200000dc        0x4 ./Source/tasks.o
 .bss.pxOverflowDelayedTaskList
                0x00000000200000e0        0x4 ./Source/tasks.o
 .bss.xPendingReadyList
                0x00000000200000e4       0x14 ./Source/tasks.o
 .bss.xTasksWaitingTermination
                0x00000000200000f8       0x14 ./Source/tasks.o
 .bss.uxDeletedTasksWaitingCleanUp
                0x000000002000010c        0x4 ./Source/tasks.o
 .bss.xSuspendedTaskList
                0x0000000020000110       0x14 ./Source/tasks.o
 .bss.uxCurrentNumberOfTasks
                0x0000000020000124        0x4 ./Source/tasks.o
 .bss.xTickCount
                0x0000000020000128        0x4 ./Source/tasks.o
 .bss.uxTopReadyPriority
                0x000000002000012c        0x4 ./Source/tasks.o
 .bss.xSchedulerRunning
                0x0000000020000130        0x4 ./Source/tasks.o
 .bss.xPendedTicks
                0x0000000020000134        0x4 ./Source/tasks.o
 .bss.xYieldPending
                0x0000000020000138        0x4 ./Source/tasks.o
 .bss.xNumOfOverflows
                0x000000002000013c        0x4 ./Source/tasks.o
 .bss.uxTaskNumber
                0x0000000020000140        0x4 ./Source/tasks.o
 .bss.xNextTaskUnblockTime
                0x0000000020000144        0x4 ./Source/tasks.o
 .bss.xIdleTaskHandle
                0x0000000020000148        0x4 ./Source/tasks.o
 .bss.uxSchedulerSuspended
                0x000000002000014c        0x4 ./Source/tasks.o
 .bss.ucHeap    0x0000000020000150     0x4400 ./Source/portable/MemMang/heap_2.o
 .bss.xStart    0x0000000020004550        0x8 ./Source/portable/MemMang/heap_2.o
 .bss.xEnd      0x0000000020004558        0x8 ./Source/portable/MemMang/heap_2.o
 .bss.xHeapHasBeenInitialised.0
                0x0000000020004560        0x4 ./Source/portable/MemMang/heap_2.o
 .bss.g_bDisableEcho
                0x0000000020004564        0x1 ./UARTStdio/uartstdio.o
 *fill*         0x0000000020004565        0x3 
 .bss.g_pcUARTTxBuffer
                0x0000000020004568      0x400 ./UARTStdio/uartstdio.o
 .bss.g_ui32UARTTxWriteIndex
                0x0000000020004968        0x4 ./UARTStdio/uartstdio.o
 .bss.g_ui32UARTTxReadIndex
                0x000000002000496c        0x4 ./UARTStdio/uartstdio.o
 .bss.g_pcUARTRxBuffer
                0x0000000020004970       0x80 ./UARTStdio/uartstdio.o
 .bss.g_ui32UARTRxWriteIndex
                0x00000000200049f0        0x4 ./UARTStdio/uartstdio.o
 .bss.g_ui32UARTRxReadIndex
                0x00000000200049f4        0x4 ./UARTStdio/uartstdio.o
 .bss.stdUsart  0x00000000200049f8        0x4 ./UARTStdio/uartstdio.o
                0x00000000200049f8                stdUsart
 .bss.bLastWasCR.0
                0x00000000200049fc        0x1 ./UARTStdio/uartstdio.o
 *(COMMON)
                0x0000000020004a00                . = ALIGN (0x4)
 *fill*         0x00000000200049fd        0x3 
                0x0000000020004a00                _ebss = .
                0x0000000020004a00                __bss_end__ = _ebss

._user_heap_stack
                0x0000000020004a00      0x600 load address 0x00000000080041ec
                0x0000000020004a00                . = ALIGN (0x8)
                [!provide]                        PROVIDE (end = .)
                0x0000000020004a00                PROVIDE (_end = .)
                0x0000000020004c00                . = (. + _Min_Heap_Size)
 *fill*         0x0000000020004a00      0x200 
                0x0000000020005000                . = (. + _Min_Stack_Size)
 *fill*         0x0000000020004c00      0x400 
                0x0000000020005000                . = ALIGN (0x8)

/DISCARD/
 libc.a(*)
 libm.a(*)
 libgcc.a(*)

.ARM.attributes
                0x0000000000000000       0x29
 *(.ARM.attributes)
 .ARM.attributes
                0x0000000000000000       0x1d C:/ST/STM32CubeIDE_1.14.0/STM32CubeIDE/plugins/com.st.stm32cube.ide.mcu.externaltools.gnu-tools-for-stm32.11.3.rel1.win32_1.1.100.202309141235/tools/bin/../lib/gcc/arm-none-eabi/11.3.1/thumb/v7-m/nofp/crti.o
 .ARM.attributes
                0x000000000000001d       0x2d C:/ST/STM32CubeIDE_1.14.0/STM32CubeIDE/plugins/com.st.stm32cube.ide.mcu.externaltools.gnu-tools-for-stm32.11.3.rel1.win32_1.1.100.202309141235/tools/bin/../lib/gcc/arm-none-eabi/11.3.1/thumb/v7-m/nofp/crtbegin.o
 .ARM.attributes
                0x000000000000004a       0x2d ./Core/Src/main.o
 .ARM.attributes
                0x0000000000000077       0x2d ./Core/Src/stm32f1xx_it.o
 .ARM.attributes
                0x00000000000000a4       0x2d ./Core/Src/system_stm32f1xx.o
 .ARM.attributes
                0x00000000000000d1       0x21 ./Core/Startup/startup_stm32f103c8tx.o
 .ARM.attributes
                0x00000000000000f2       0x2d ./Drivers/STM32F1xx_HAL_Driver/Src/stm32f1xx_ll_exti.o
 .ARM.attributes
                0x000000000000011f       0x2d ./Drivers/STM32F1xx_HAL_Driver/Src/stm32f1xx_ll_gpio.o
 .ARM.attributes
                0x000000000000014c       0x2d ./Drivers/STM32F1xx_HAL_Driver/Src/stm32f1xx_ll_rcc.o
 .ARM.attributes
                0x0000000000000179       0x2d ./Drivers/STM32F1xx_HAL_Driver/Src/stm32f1xx_ll_usart.o
 .ARM.attributes
                0x00000000000001a6       0x2d ./Drivers/STM32F1xx_HAL_Driver/Src/stm32f1xx_ll_utils.o
 .ARM.attributes
                0x00000000000001d3       0x2d ./Source/list.o
 .ARM.attributes
                0x0000000000000200       0x2d ./Source/queue.o
 .ARM.attributes
                0x000000000000022d       0x2d ./Source/tasks.o
 .ARM.attributes
                0x000000000000025a       0x2d ./Source/portable/GCC/ARM_CM3/port.o
 .ARM.attributes
                0x0000000000000287       0x2d ./Source/portable/MemMang/heap_2.o
 .ARM.attributes
                0x00000000000002b4       0x2d ./UARTStdio/uartstdio.o
 .ARM.attributes
                0x00000000000002e1       0x2d C:/ST/STM32CubeIDE_1.14.0/STM32CubeIDE/plugins/com.st.stm32cube.ide.mcu.externaltools.gnu-tools-for-stm32.11.3.rel1.win32_1.1.100.202309141235/tools/bin/../lib/gcc/arm-none-eabi/11.3.1/../../../../arm-none-eabi/lib/thumb/v7-m/nofp\libc_nano.a(libc_a-memset.o)
 .ARM.attributes
                0x000000000000030e       0x2d C:/ST/STM32CubeIDE_1.14.0/STM32CubeIDE/plugins/com.st.stm32cube.ide.mcu.externaltools.gnu-tools-for-stm32.11.3.rel1.win32_1.1.100.202309141235/tools/bin/../lib/gcc/arm-none-eabi/11.3.1/../../../../arm-none-eabi/lib/thumb/v7-m/nofp\libc_nano.a(libc_a-init.o)
 .ARM.attributes
                0x000000000000033b       0x2d C:/ST/STM32CubeIDE_1.14.0/STM32CubeIDE/plugins/com.st.stm32cube.ide.mcu.externaltools.gnu-tools-for-stm32.11.3.rel1.win32_1.1.100.202309141235/tools/bin/../lib/gcc/arm-none-eabi/11.3.1/../../../../arm-none-eabi/lib/thumb/v7-m/nofp\libc_nano.a(libc_a-memcpy-stub.o)
 .ARM.attributes
                0x0000000000000368       0x1d C:/ST/STM32CubeIDE_1.14.0/STM32CubeIDE/plugins/com.st.stm32cube.ide.mcu.externaltools.gnu-tools-for-stm32.11.3.rel1.win32_1.1.100.202309141235/tools/bin/../lib/gcc/arm-none-eabi/11.3.1/thumb/v7-m/nofp/crtn.o
OUTPUT(FreeRTOS_BTL.elf elf32-littlearm)
LOAD linker stubs
LOAD C:/ST/STM32CubeIDE_1.14.0/STM32CubeIDE/plugins/com.st.stm32cube.ide.mcu.externaltools.gnu-tools-for-stm32.11.3.rel1.win32_1.1.100.202309141235/tools/bin/../lib/gcc/arm-none-eabi/11.3.1/../../../../arm-none-eabi/lib/thumb/v7-m/nofp\libc.a
LOAD C:/ST/STM32CubeIDE_1.14.0/STM32CubeIDE/plugins/com.st.stm32cube.ide.mcu.externaltools.gnu-tools-for-stm32.11.3.rel1.win32_1.1.100.202309141235/tools/bin/../lib/gcc/arm-none-eabi/11.3.1/../../../../arm-none-eabi/lib/thumb/v7-m/nofp\libm.a
LOAD C:/ST/STM32CubeIDE_1.14.0/STM32CubeIDE/plugins/com.st.stm32cube.ide.mcu.externaltools.gnu-tools-for-stm32.11.3.rel1.win32_1.1.100.202309141235/tools/bin/../lib/gcc/arm-none-eabi/11.3.1/thumb/v7-m/nofp\libgcc.a

.comment        0x0000000000000000       0x43
 .comment       0x0000000000000000       0x43 C:/ST/STM32CubeIDE_1.14.0/STM32CubeIDE/plugins/com.st.stm32cube.ide.mcu.externaltools.gnu-tools-for-stm32.11.3.rel1.win32_1.1.100.202309141235/tools/bin/../lib/gcc/arm-none-eabi/11.3.1/thumb/v7-m/nofp/crtbegin.o
                                         0x44 (size before relaxing)
 .comment       0x0000000000000043       0x44 ./Core/Src/main.o
 .comment       0x0000000000000043       0x44 ./Core/Src/stm32f1xx_it.o
 .comment       0x0000000000000043       0x44 ./Core/Src/system_stm32f1xx.o
 .comment       0x0000000000000043       0x44 ./Drivers/STM32F1xx_HAL_Driver/Src/stm32f1xx_ll_exti.o
 .comment       0x0000000000000043       0x44 ./Drivers/STM32F1xx_HAL_Driver/Src/stm32f1xx_ll_gpio.o
 .comment       0x0000000000000043       0x44 ./Drivers/STM32F1xx_HAL_Driver/Src/stm32f1xx_ll_rcc.o
 .comment       0x0000000000000043       0x44 ./Drivers/STM32F1xx_HAL_Driver/Src/stm32f1xx_ll_usart.o
 .comment       0x0000000000000043       0x44 ./Drivers/STM32F1xx_HAL_Driver/Src/stm32f1xx_ll_utils.o
 .comment       0x0000000000000043       0x44 ./Source/list.o
 .comment       0x0000000000000043       0x44 ./Source/queue.o
 .comment       0x0000000000000043       0x44 ./Source/tasks.o
 .comment       0x0000000000000043       0x44 ./Source/portable/GCC/ARM_CM3/port.o
 .comment       0x0000000000000043       0x44 ./Source/portable/MemMang/heap_2.o
 .comment       0x0000000000000043       0x44 ./UARTStdio/uartstdio.o

.debug_info     0x0000000000000000     0x7662
 .debug_info    0x0000000000000000     0x144b ./Core/Src/main.o
 .debug_info    0x000000000000144b      0x5dc ./Core/Src/stm32f1xx_it.o
 .debug_info    0x0000000000001a27      0x21b ./Core/Src/system_stm32f1xx.o
 .debug_info    0x0000000000001c42       0x23 ./Core/Startup/startup_stm32f103c8tx.o
 .debug_info    0x0000000000001c65      0x330 ./Drivers/STM32F1xx_HAL_Driver/Src/stm32f1xx_ll_exti.o
 .debug_info    0x0000000000001f95      0x59a ./Drivers/STM32F1xx_HAL_Driver/Src/stm32f1xx_ll_gpio.o
 .debug_info    0x000000000000252f      0x54b ./Drivers/STM32F1xx_HAL_Driver/Src/stm32f1xx_ll_rcc.o
 .debug_info    0x0000000000002a7a      0x5c2 ./Drivers/STM32F1xx_HAL_Driver/Src/stm32f1xx_ll_usart.o
 .debug_info    0x000000000000303c      0x7e1 ./Drivers/STM32F1xx_HAL_Driver/Src/stm32f1xx_ll_utils.o
 .debug_info    0x000000000000381d      0x2af ./Source/list.o
 .debug_info    0x0000000000003acc     0x105c ./Source/queue.o
 .debug_info    0x0000000000004b28     0x1a80 ./Source/tasks.o
 .debug_info    0x00000000000065a8      0x2e7 ./Source/portable/GCC/ARM_CM3/port.o
 .debug_info    0x000000000000688f      0x379 ./Source/portable/MemMang/heap_2.o
 .debug_info    0x0000000000006c08      0xa5a ./UARTStdio/uartstdio.o

.debug_abbrev   0x0000000000000000     0x203d
 .debug_abbrev  0x0000000000000000      0x45b ./Core/Src/main.o
 .debug_abbrev  0x000000000000045b      0x282 ./Core/Src/stm32f1xx_it.o
 .debug_abbrev  0x00000000000006dd      0x13f ./Core/Src/system_stm32f1xx.o
 .debug_abbrev  0x000000000000081c       0x12 ./Core/Startup/startup_stm32f103c8tx.o
 .debug_abbrev  0x000000000000082e      0x18a ./Drivers/STM32F1xx_HAL_Driver/Src/stm32f1xx_ll_exti.o
 .debug_abbrev  0x00000000000009b8      0x20d ./Drivers/STM32F1xx_HAL_Driver/Src/stm32f1xx_ll_gpio.o
 .debug_abbrev  0x0000000000000bc5      0x273 ./Drivers/STM32F1xx_HAL_Driver/Src/stm32f1xx_ll_rcc.o
 .debug_abbrev  0x0000000000000e38      0x1c7 ./Drivers/STM32F1xx_HAL_Driver/Src/stm32f1xx_ll_usart.o
 .debug_abbrev  0x0000000000000fff      0x24e ./Drivers/STM32F1xx_HAL_Driver/Src/stm32f1xx_ll_utils.o
 .debug_abbrev  0x000000000000124d       0xf5 ./Source/list.o
 .debug_abbrev  0x0000000000001342      0x2bd ./Source/queue.o
 .debug_abbrev  0x00000000000015ff      0x349 ./Source/tasks.o
 .debug_abbrev  0x0000000000001948      0x20c ./Source/portable/GCC/ARM_CM3/port.o
 .debug_abbrev  0x0000000000001b54      0x1e2 ./Source/portable/MemMang/heap_2.o
 .debug_abbrev  0x0000000000001d36      0x307 ./UARTStdio/uartstdio.o

.debug_aranges  0x0000000000000000      0x9b0
 .debug_aranges
                0x0000000000000000      0x130 ./Core/Src/main.o
 .debug_aranges
                0x0000000000000130       0xb0 ./Core/Src/stm32f1xx_it.o
 .debug_aranges
                0x00000000000001e0       0x28 ./Core/Src/system_stm32f1xx.o
 .debug_aranges
                0x0000000000000208       0x28 ./Core/Startup/startup_stm32f103c8tx.o
 .debug_aranges
                0x0000000000000230       0x70 ./Drivers/STM32F1xx_HAL_Driver/Src/stm32f1xx_ll_exti.o
 .debug_aranges
                0x00000000000002a0       0x60 ./Drivers/STM32F1xx_HAL_Driver/Src/stm32f1xx_ll_gpio.o
 .debug_aranges
                0x0000000000000300       0xd8 ./Drivers/STM32F1xx_HAL_Driver/Src/stm32f1xx_ll_rcc.o
 .debug_aranges
                0x00000000000003d8       0x88 ./Drivers/STM32F1xx_HAL_Driver/Src/stm32f1xx_ll_usart.o
 .debug_aranges
                0x0000000000000460       0xf8 ./Drivers/STM32F1xx_HAL_Driver/Src/stm32f1xx_ll_utils.o
 .debug_aranges
                0x0000000000000558       0x40 ./Source/list.o
 .debug_aranges
                0x0000000000000598       0xe0 ./Source/queue.o
 .debug_aranges
                0x0000000000000678      0x1b0 ./Source/tasks.o
 .debug_aranges
                0x0000000000000828       0x70 ./Source/portable/GCC/ARM_CM3/port.o
 .debug_aranges
                0x0000000000000898       0x48 ./Source/portable/MemMang/heap_2.o
 .debug_aranges
                0x00000000000008e0       0xd0 ./UARTStdio/uartstdio.o

.debug_rnglists
                0x0000000000000000      0x733
 .debug_rnglists
                0x0000000000000000       0xe5 ./Core/Src/main.o
 .debug_rnglists
                0x00000000000000e5       0x82 ./Core/Src/stm32f1xx_it.o
 .debug_rnglists
                0x0000000000000167       0x1a ./Core/Src/system_stm32f1xx.o
 .debug_rnglists
                0x0000000000000181       0x19 ./Core/Startup/startup_stm32f103c8tx.o
 .debug_rnglists
                0x000000000000019a       0x50 ./Drivers/STM32F1xx_HAL_Driver/Src/stm32f1xx_ll_exti.o
 .debug_rnglists
                0x00000000000001ea       0x45 ./Drivers/STM32F1xx_HAL_Driver/Src/stm32f1xx_ll_gpio.o
 .debug_rnglists
                0x000000000000022f       0x9d ./Drivers/STM32F1xx_HAL_Driver/Src/stm32f1xx_ll_rcc.o
 .debug_rnglists
                0x00000000000002cc       0x63 ./Drivers/STM32F1xx_HAL_Driver/Src/stm32f1xx_ll_usart.o
 .debug_rnglists
                0x000000000000032f       0xb7 ./Drivers/STM32F1xx_HAL_Driver/Src/stm32f1xx_ll_utils.o
 .debug_rnglists
                0x00000000000003e6       0x2b ./Source/list.o
 .debug_rnglists
                0x0000000000000411       0xad ./Source/queue.o
 .debug_rnglists
                0x00000000000004be      0x158 ./Source/tasks.o
 .debug_rnglists
                0x0000000000000616       0x4f ./Source/portable/GCC/ARM_CM3/port.o
 .debug_rnglists
                0x0000000000000665       0x33 ./Source/portable/MemMang/heap_2.o
 .debug_rnglists
                0x0000000000000698       0x9b ./UARTStdio/uartstdio.o

.debug_macro    0x0000000000000000    0x137a5
 .debug_macro   0x0000000000000000      0x1e8 ./Core/Src/main.o
 .debug_macro   0x00000000000001e8      0xacc ./Core/Src/main.o
 .debug_macro   0x0000000000000cb4       0x2e ./Core/Src/main.o
 .debug_macro   0x0000000000000ce2       0x22 ./Core/Src/main.o
 .debug_macro   0x0000000000000d04       0x22 ./Core/Src/main.o
 .debug_macro   0x0000000000000d26       0x8e ./Core/Src/main.o
 .debug_macro   0x0000000000000db4       0x51 ./Core/Src/main.o
 .debug_macro   0x0000000000000e05      0x103 ./Core/Src/main.o
 .debug_macro   0x0000000000000f08       0x6a ./Core/Src/main.o
 .debug_macro   0x0000000000000f72      0x1df ./Core/Src/main.o
 .debug_macro   0x0000000000001151       0x1c ./Core/Src/main.o
 .debug_macro   0x000000000000116d       0x22 ./Core/Src/main.o
 .debug_macro   0x000000000000118f       0xbd ./Core/Src/main.o
 .debug_macro   0x000000000000124c      0xd23 ./Core/Src/main.o
 .debug_macro   0x0000000000001f6f     0xe09e ./Core/Src/main.o
 .debug_macro   0x000000000001000d       0x6d ./Core/Src/main.o
 .debug_macro   0x000000000001007a      0x2b8 ./Core/Src/main.o
 .debug_macro   0x0000000000010332       0xd7 ./Core/Src/main.o
 .debug_macro   0x0000000000010409       0x74 ./Core/Src/main.o
 .debug_macro   0x000000000001047d       0xd0 ./Core/Src/main.o
 .debug_macro   0x000000000001054d       0x28 ./Core/Src/main.o
 .debug_macro   0x0000000000010575       0x2a ./Core/Src/main.o
 .debug_macro   0x000000000001059f       0x90 ./Core/Src/main.o
 .debug_macro   0x000000000001062f      0x287 ./Core/Src/main.o
 .debug_macro   0x00000000000108b6      0x1b4 ./Core/Src/main.o
 .debug_macro   0x0000000000010a6a      0x229 ./Core/Src/main.o
 .debug_macro   0x0000000000010c93       0x22 ./Core/Src/main.o
 .debug_macro   0x0000000000010cb5      0x174 ./Core/Src/main.o
 .debug_macro   0x0000000000010e29       0x94 ./Core/Src/main.o
 .debug_macro   0x0000000000010ebd      0x15a ./Core/Src/main.o
 .debug_macro   0x0000000000011017       0xe3 ./Core/Src/main.o
 .debug_macro   0x00000000000110fa       0x28 ./Core/Src/main.o
 .debug_macro   0x0000000000011122       0x1f ./Core/Src/main.o
 .debug_macro   0x0000000000011141       0x12 ./Core/Src/main.o
 .debug_macro   0x0000000000011153      0x588 ./Core/Src/main.o
 .debug_macro   0x00000000000116db       0xc3 ./Core/Src/main.o
 .debug_macro   0x000000000001179e      0x120 ./Core/Src/main.o
 .debug_macro   0x00000000000118be       0x80 ./Core/Src/main.o
 .debug_macro   0x000000000001193e       0x58 ./Core/Src/main.o
 .debug_macro   0x0000000000011996       0x16 ./Core/Src/main.o
 .debug_macro   0x00000000000119ac       0x62 ./Core/Src/main.o
 .debug_macro   0x0000000000011a0e       0x34 ./Core/Src/main.o
 .debug_macro   0x0000000000011a42      0x1f2 ./Core/Src/stm32f1xx_it.o
 .debug_macro   0x0000000000011c34       0xbc ./Core/Src/system_stm32f1xx.o
 .debug_macro   0x0000000000011cf0       0xe3 ./Drivers/STM32F1xx_HAL_Driver/Src/stm32f1xx_ll_exti.o
 .debug_macro   0x0000000000011dd3       0xca ./Drivers/STM32F1xx_HAL_Driver/Src/stm32f1xx_ll_exti.o
 .debug_macro   0x0000000000011e9d       0xf8 ./Drivers/STM32F1xx_HAL_Driver/Src/stm32f1xx_ll_gpio.o
 .debug_macro   0x0000000000011f95      0x223 ./Drivers/STM32F1xx_HAL_Driver/Src/stm32f1xx_ll_gpio.o
 .debug_macro   0x00000000000121b8       0xdd ./Drivers/STM32F1xx_HAL_Driver/Src/stm32f1xx_ll_rcc.o
 .debug_macro   0x0000000000012295      0x12b ./Drivers/STM32F1xx_HAL_Driver/Src/stm32f1xx_ll_usart.o
 .debug_macro   0x00000000000123c0      0x1ae ./Drivers/STM32F1xx_HAL_Driver/Src/stm32f1xx_ll_usart.o
 .debug_macro   0x000000000001256e      0x2be ./Drivers/STM32F1xx_HAL_Driver/Src/stm32f1xx_ll_usart.o
 .debug_macro   0x000000000001282c      0x139 ./Drivers/STM32F1xx_HAL_Driver/Src/stm32f1xx_ll_utils.o
 .debug_macro   0x0000000000012965      0x1f7 ./Source/list.o
 .debug_macro   0x0000000000012b5c      0x28e ./Source/queue.o
 .debug_macro   0x0000000000012dea       0x16 ./Source/queue.o
 .debug_macro   0x0000000000012e00       0x20 ./Source/queue.o
 .debug_macro   0x0000000000012e20      0x2dd ./Source/tasks.o
 .debug_macro   0x00000000000130fd       0x17 ./Source/tasks.o
 .debug_macro   0x0000000000013114      0x1e2 ./Source/portable/GCC/ARM_CM3/port.o
 .debug_macro   0x00000000000132f6      0x285 ./Source/portable/MemMang/heap_2.o
 .debug_macro   0x000000000001357b      0x22a ./UARTStdio/uartstdio.o

.debug_line     0x0000000000000000     0x99a3
 .debug_line    0x0000000000000000      0xef7 ./Core/Src/main.o
 .debug_line    0x0000000000000ef7      0xb00 ./Core/Src/stm32f1xx_it.o
 .debug_line    0x00000000000019f7      0x568 ./Core/Src/system_stm32f1xx.o
 .debug_line    0x0000000000001f5f       0x79 ./Core/Startup/startup_stm32f103c8tx.o
 .debug_line    0x0000000000001fd8      0x67c ./Drivers/STM32F1xx_HAL_Driver/Src/stm32f1xx_ll_exti.o
 .debug_line    0x0000000000002654      0x770 ./Drivers/STM32F1xx_HAL_Driver/Src/stm32f1xx_ll_gpio.o
 .debug_line    0x0000000000002dc4      0x882 ./Drivers/STM32F1xx_HAL_Driver/Src/stm32f1xx_ll_rcc.o
 .debug_line    0x0000000000003646      0x742 ./Drivers/STM32F1xx_HAL_Driver/Src/stm32f1xx_ll_usart.o
 .debug_line    0x0000000000003d88      0x984 ./Drivers/STM32F1xx_HAL_Driver/Src/stm32f1xx_ll_utils.o
 .debug_line    0x000000000000470c      0x8b8 ./Source/list.o
 .debug_line    0x0000000000004fc4     0x10a8 ./Source/queue.o
 .debug_line    0x000000000000606c     0x17c2 ./Source/tasks.o
 .debug_line    0x000000000000782e      0x828 ./Source/portable/GCC/ARM_CM3/port.o
 .debug_line    0x0000000000008056      0x9b6 ./Source/portable/MemMang/heap_2.o
 .debug_line    0x0000000000008a0c      0xf97 ./UARTStdio/uartstdio.o

.debug_str      0x0000000000000000    0x6898b
 .debug_str     0x0000000000000000    0x60128 ./Core/Src/main.o
                                      0x605b7 (size before relaxing)
 .debug_str     0x0000000000060128      0x208 ./Core/Src/stm32f1xx_it.o
                                      0x5fd3e (size before relaxing)
 .debug_str     0x0000000000060330       0x6e ./Core/Src/system_stm32f1xx.o
                                      0x54733 (size before relaxing)
 .debug_str     0x000000000006039e       0x34 ./Core/Startup/startup_stm32f103c8tx.o
                                         0x7d (size before relaxing)
 .debug_str     0x00000000000603d2      0x30b ./Drivers/STM32F1xx_HAL_Driver/Src/stm32f1xx_ll_exti.o
                                      0x54e58 (size before relaxing)
 .debug_str     0x00000000000606dd      0x39f ./Drivers/STM32F1xx_HAL_Driver/Src/stm32f1xx_ll_gpio.o
                                      0x56076 (size before relaxing)
 .debug_str     0x0000000000060a7c      0x33a ./Drivers/STM32F1xx_HAL_Driver/Src/stm32f1xx_ll_rcc.o
                                      0x55bfd (size before relaxing)
 .debug_str     0x0000000000060db6      0x801 ./Drivers/STM32F1xx_HAL_Driver/Src/stm32f1xx_ll_usart.o
                                      0x5747e (size before relaxing)
 .debug_str     0x00000000000615b7      0xac1 ./Drivers/STM32F1xx_HAL_Driver/Src/stm32f1xx_ll_utils.o
                                      0x568f2 (size before relaxing)
 .debug_str     0x0000000000062078     0x3321 ./Source/list.o
                                      0x5b89d (size before relaxing)
 .debug_str     0x0000000000065399      0xa99 ./Source/queue.o
                                      0x5dd74 (size before relaxing)
 .debug_str     0x0000000000065e32     0x18a6 ./Source/tasks.o
                                      0x5e703 (size before relaxing)
 .debug_str     0x00000000000676d8      0x63f ./Source/portable/GCC/ARM_CM3/port.o
                                      0x59f03 (size before relaxing)
 .debug_str     0x0000000000067d17      0x63a ./Source/portable/MemMang/heap_2.o
                                      0x5d0e8 (size before relaxing)
 .debug_str     0x0000000000068351      0x63a ./UARTStdio/uartstdio.o
                                      0x60129 (size before relaxing)

.debug_frame    0x0000000000000000     0x26a0
 .debug_frame   0x0000000000000000      0x514 ./Core/Src/main.o
 .debug_frame   0x0000000000000514      0x280 ./Core/Src/stm32f1xx_it.o
 .debug_frame   0x0000000000000794       0x58 ./Core/Src/system_stm32f1xx.o
 .debug_frame   0x00000000000007ec      0x1bc ./Drivers/STM32F1xx_HAL_Driver/Src/stm32f1xx_ll_exti.o
 .debug_frame   0x00000000000009a8      0x170 ./Drivers/STM32F1xx_HAL_Driver/Src/stm32f1xx_ll_gpio.o
 .debug_frame   0x0000000000000b18      0x34c ./Drivers/STM32F1xx_HAL_Driver/Src/stm32f1xx_ll_rcc.o
 .debug_frame   0x0000000000000e64      0x234 ./Drivers/STM32F1xx_HAL_Driver/Src/stm32f1xx_ll_usart.o
 .debug_frame   0x0000000000001098      0x400 ./Drivers/STM32F1xx_HAL_Driver/Src/stm32f1xx_ll_utils.o
 .debug_frame   0x0000000000001498       0xd8 ./Source/list.o
 .debug_frame   0x0000000000001570      0x3a4 ./Source/queue.o
 .debug_frame   0x0000000000001914      0x75c ./Source/tasks.o
 .debug_frame   0x0000000000002070      0x160 ./Source/portable/GCC/ARM_CM3/port.o
 .debug_frame   0x00000000000021d0       0xe4 ./Source/portable/MemMang/heap_2.o
 .debug_frame   0x00000000000022b4      0x378 ./UARTStdio/uartstdio.o
 .debug_frame   0x000000000000262c       0x20 C:/ST/STM32CubeIDE_1.14.0/STM32CubeIDE/plugins/com.st.stm32cube.ide.mcu.externaltools.gnu-tools-for-stm32.11.3.rel1.win32_1.1.100.202309141235/tools/bin/../lib/gcc/arm-none-eabi/11.3.1/../../../../arm-none-eabi/lib/thumb/v7-m/nofp\libc_nano.a(libc_a-memset.o)
 .debug_frame   0x000000000000264c       0x2c C:/ST/STM32CubeIDE_1.14.0/STM32CubeIDE/plugins/com.st.stm32cube.ide.mcu.externaltools.gnu-tools-for-stm32.11.3.rel1.win32_1.1.100.202309141235/tools/bin/../lib/gcc/arm-none-eabi/11.3.1/../../../../arm-none-eabi/lib/thumb/v7-m/nofp\libc_nano.a(libc_a-init.o)
 .debug_frame   0x0000000000002678       0x28 C:/ST/STM32CubeIDE_1.14.0/STM32CubeIDE/plugins/com.st.stm32cube.ide.mcu.externaltools.gnu-tools-for-stm32.11.3.rel1.win32_1.1.100.202309141235/tools/bin/../lib/gcc/arm-none-eabi/11.3.1/../../../../arm-none-eabi/lib/thumb/v7-m/nofp\libc_nano.a(libc_a-memcpy-stub.o)

.debug_line_str
                0x0000000000000000       0x71
 .debug_line_str
                0x0000000000000000       0x71 ./Core/Startup/startup_stm32f103c8tx.o
                                         0x89 (size before relaxing)
