../Drivers/STM32F1xx_HAL_Driver/Inc/stm32f1xx_ll_exti.h:774:26:LL_EXTI_IsActiveFlag_0_31	16	static
../Drivers/STM32F1xx_HAL_Driver/Inc/stm32f1xx_ll_exti.h:842:22:LL_EXTI_ClearFlag_0_31	16	static
../Drivers/STM32F1xx_HAL_Driver/Inc/stm32f1xx_ll_gpio.h:722:26:LL_GPIO_IsInputPinSet	16	static
../Drivers/STM32F1xx_HAL_Driver/Inc/stm32f1xx_ll_gpio.h:803:22:LL_GPIO_SetOutputPin	16	static
../Drivers/STM32F1xx_HAL_Driver/Inc/stm32f1xx_ll_gpio.h:832:22:LL_GPIO_ResetOutputPin	16	static
../Drivers/STM32F1xx_HAL_Driver/Inc/stm32f1xx_ll_gpio.h:861:22:LL_GPIO_TogglePin	24	static
../Core/Src/stm32f1xx_it.c:70:6:NMI_Handler	4	static
../Core/Src/stm32f1xx_it.c:85:6:HardFault_Handler	4	static
../Core/Src/stm32f1xx_it.c:100:6:MemManage_Handler	4	static
../Core/Src/stm32f1xx_it.c:115:6:BusFault_Handler	4	static
../Core/Src/stm32f1xx_it.c:130:6:UsageFault_Handler	4	static
../Core/Src/stm32f1xx_it.c:145:6:SVC_Handler	4	static
../Core/Src/stm32f1xx_it.c:158:6:DebugMon_Handler	4	static
../Core/Src/stm32f1xx_it.c:171:6:PendSV_Handler	4	static
../Core/Src/stm32f1xx_it.c:184:6:SysTick_Handler	4	static
../Core/Src/stm32f1xx_it.c:204:6:EXTI4_IRQHandler	16	static,ignoring_inline_asm
../Core/Src/stm32f1xx_it.c:248:6:EXTI9_5_IRQHandler	16	static,ignoring_inline_asm
../Core/Src/stm32f1xx_it.c:287:6:USART3_IRQHandler	8	static
../Core/Src/stm32f1xx_it.c:300:6:EXTI15_10_IRQHandler	24	static
